// Jest Snapshot v1, https://goo.gl/fbAQLP

exports[`should test 404 page 1`] = `
<div>
  404 - 
  <Link
    to="/"
  >
    Go HOME
  </Link>
</div>
`;
