// Jest Snapshot v1, https://goo.gl/fbAQLP

exports[`should test Expenses Dashboard Page 1`] = `
<div>
  <Connect(ExpenseListFilters) />
  <Connect(ExpensesList) />
</div>
`;
