// Jest Snapshot v1, https://goo.gl/fbAQLP

exports[`should render ExpenseListItem with expenses 1`] = `
<div>
  <NavLink
    to="/edit/1"
  >
    <h3>
      Gum
    </h3>
  </NavLink>
  <p>
    195
     - 
    Jan 1st 1970
  </p>
</div>
`;
